
==============================================================================
  CORREGIR LA EXAGERACIÓN DE λ — fra, train/test temporal
==============================================================================

  train: < 2022-01-01  (elige k y μ)   ·   test: >= 2022-01-01  (confirma)
  k=1.00 es producción. La pendiente medida sugiere ~0.37.

  ajustando walk-forward (una sola vez)...
    2000 evaluados...
  3817 partidos · train 2327 · test 1490
  μ de train: 2.617 goles

      k │ Brier O/U tr Brier O/U te │  ROI O/U te    ±2se     n │ Brier 1X2 te
  ----------------------------------------------------------------------------
   0.30 │      0.49101      0.49491 │      -7.10%  11.29   432 │      0.59469
   0.40 │      0.48936      0.49339 │      -7.50%  11.34   426 │      0.59452
   0.50 │      0.48839      0.49235 │     -11.90%  11.01   441 │      0.59439
   0.60 │      0.48806      0.49176 │     -12.32%  10.83   446 │      0.59429
   0.70 │      0.48837      0.49160 │     -10.40%  10.97   422 │      0.59423
   0.85 │      0.48996      0.49211 │      -9.42%  10.57   430 │      0.59419
   1.00 │      0.49279      0.49343 │      -8.39%   9.94   449 │      0.59422  ← producción
   1.15 │      0.49673      0.49550 │      -8.63%   9.33   457 │      0.59431

  ==========================================================================
  mejor k en TRAIN: 0.60   ·   mejor k en TEST: 0.70   ·   producción: 1.00

  El ganador de train NO es el de test. Eso es la señal de que
  el efecto no es estable — la misma que apagó barrido_lambda.py.

  Brier O/U en test con k=0.60: 0.49176   ·   con producción: 0.49343   (mejora)
  ROI O/U en test con k=0.60: -12.32% ±10.83   ·   con producción: -8.39%
  Brier 1X2 en test (control de daño): 0.59429 contra 0.59422 de producción

  Nada se toca hasta que mejore en test SIN romper el 1X2.
  ==========================================================================

