
==============================================================================
  CORREGIR LA EXAGERACIÓN DE λ — arg, train/test temporal
==============================================================================

  train: < 2022-01-01  (elige k y μ)   ·   test: >= 2022-01-01  (confirma)
  k=1.00 es producción. La pendiente medida sugiere ~0.37.

  ajustando walk-forward (una sola vez)...
    2000 evaluados...
    4000 evaluados...
    6000 evaluados...
  6270 partidos · train 3687 · test 2583
  μ de train: 2.266 goles

      k │ Brier O/U tr Brier O/U te │  ROI O/U te    ±2se     n │ Brier 1X2 te
  ----------------------------------------------------------------------------
   0.30 │      0.48361      0.45716 │          —       —     0 │      0.64710
   0.40 │      0.48394      0.45651 │          —       —     0 │      0.64701
   0.50 │      0.48462      0.45622 │          —       —     0 │      0.64696
   0.60 │      0.48563      0.45629 │          —       —     0 │      0.64693
   0.70 │      0.48697      0.45671 │          —       —     0 │      0.64693
   0.85 │      0.48957      0.45796 │          —       —     0 │      0.64701
   1.00 │      0.49282      0.45994 │          —       —     0 │      0.64718  ← producción
   1.15 │      0.49667      0.46258 │          —       —     0 │      0.64748

  ==========================================================================
  mejor k en TRAIN: 0.30   ·   mejor k en TEST: 0.50   ·   producción: 1.00

  El ganador de train NO es el de test. Eso es la señal de que
  el efecto no es estable — la misma que apagó barrido_lambda.py.

  Brier O/U en test con k=0.30: 0.45716   ·   con producción: 0.45994   (mejora)
  Brier 1X2 en test (control de daño): 0.64710 contra 0.64718 de producción

  Nada se toca hasta que mejore en test SIN romper el 1X2.
  ==========================================================================

